// Jest Snapshot v1, https://goo.gl/fbAQLP

exports[`CityDetails should match snapshot 1`] = `
<div>
  <div
    class="city-details-wrapper app"
  >
    **Link**
    <div
      class="details-container"
    >
      <div
        class="details-header"
      >
        <p
          class="city-name"
        >
          Beijing
        </p>
        <p>
          Thu Oct 08 2020
        </p>
      </div>
      <div
        class="city-details-card"
      >
        <div
          class="space-between"
        >
          <div
            class="vertical-align"
          >
            <p
              class="details-temp"
            >
              23
              ˚
            </p>
            <p>
              Feels like: 
              22
              ˚
            </p>
          </div>
          <div
            class="vertical-align"
          >
            <img
              alt="clear sky"
              src="https://openweathermap.org/img/wn/01d@2x.png"
            />
            <p>
              clear sky
            </p>
          </div>
        </div>
        <div
          class="space-between"
        >
          <p>
            Sunrise: 
            7:18:22 AM
             AM
          </p>
          <p>
            Sunset: 
            6:44:39 PM
             PM
          </p>
        </div>
      </div>
      <ul
        class="details-list"
      >
        <li>
          <span>
            Max Temp:
          </span>
           
          <span
            class="bold"
          >
            23.89
            ˚
          </span>
        </li>
        <li>
          <span>
            Min Temp:
          </span>
           
          <span
            class="bold"
          >
            23.33
            ˚
          </span>
        </li>
        <li>
          <span>
            Humidity:
          </span>
           
          <span
            class="bold"
          >
            47
            %
          </span>
        </li>
        <li>
          <span>
            Pressure:
          </span>
           
          <span
            class="bold"
          >
            1014
             hPa
          </span>
        </li>
        <li>
          <span>
            Wind Speed: 
          </span>
           
          <span
            class="bold"
          >
            2.55
             m/s
          </span>
        </li>
        <li>
          <span>
            Wind Deg:
          </span>
           
          <span
            class="bold"
          >
            209
            ˚
          </span>
        </li>
      </ul>
    </div>
    **Notes**
  </div>
</div>
`;

exports[`CityDetails should match snapshot when city cannot be found 1`] = `
<div>
  <div
    class="city-details-wrapper app"
  >
    **Link**
    <p>
      City not found
    </p>
    **Notes**
  </div>
</div>
`;
