// Jest Snapshot v1, https://goo.gl/fbAQLP

exports[`Notes should match snapshot 1`] = `
<div>
  <div
    class="notes-wrapper"
  >
    <p
      class="notes"
    >
      hello world
    </p>
    <div
      class="action-buttons"
    >
      <button
        class="notes-button info"
      >
        Edit
      </button>
      <button
        class="notes-button danger"
      >
        Delete
      </button>
    </div>
  </div>
</div>
`;
